Command: C:\Espressif\python_env\idf5.5_py3.11_env\Scripts\python.exe C:\Espressif\frameworks\esp-idf-v5.5.1\tools/idf_monitor.py -p COM4 -b 115200 --toolchain-prefix xtensa-esp32-elf- --target esp32 --revision 0 C:\Espressif\frameworks\esp-idf-v5.5.1\embedded_drone\drone\build\drone.elf C:\Espressif\frameworks\esp-idf-v5.5.1\embedded_drone\drone\build\bootloader\bootloader.elf --force-color -m 'C:\Espressif\python_env\idf5.5_py3.11_env\Scripts\python.exe' 'C:\Espressif\frameworks\esp-idf-v5.5.1\tools\idf.py' '-p' 'COM4'
Mï¿½ï¿½ï¿½ï¿½ï¿½     : 40MHz
[0;32mI (37)ï¿½ets Jun  8 2016 00:22:57[0m

rst:0x1 (POWERON_RESET),boot:0x13 (SPI_FAST_FLASH_BOOT)
configsip: 0, SPIWP:0xee
clk_drv:0x00,q_drv:0x00,d_drv:0x00,cs0_drv:0x00,hd_drv:0x00,wp_drv:0x00
mode:DIO, clock div:2
load:0x3fff0030,len:6380
ho 0 tail 12 room 4
load:0x40078000,len:15916
load:0x40080400,len:3860
entry 0x40080638
[0;32mI (29) boot: ESP-IDF v5.5.1-dirty 2nd stage bootloader[0m
[0;32mI (29) boot: compile time Oct 23 2025 12:10:49[0m
[0;32mI (29) boot: Multicore bootloader[0m
[0;32mI (31) boot: chip revision: v1.0[0m
[0;32mI (34) boot.esp32: SPI Speed      : 40MHz[0m
[0;32mI (37) boot.esp32: SPI Mode       : DIO[0m
[0;32mI (41) boot.esp32: SPI Flash Size : 2MB[0m
[0;32mI (44) boot: Enabling RNG early entropy source...[0m
[0;32mI (49) boot: Partition Table:[0m
[0;32mI (52) boot: ## Label            Usage          Type ST Offset   Length[0m
[0;32mI (58) boot:  0 nvs              WiFi data        01 02 00009000 00006000[0m
[0;32mI (64) boot:  1 phy_init         RF data          01 01 0000f000 00001000[0m
[0;32mI (71) boot:  2 factory          factory app      00 00 00010000 00100000[0m
[0;32mI (77) boot: End of partition table[0m
[0;32mI (81) esp_image: segment 0: paddr=00010020 vaddr=3f400020 size=0a6f4h ( 42740) map[0m
[0;32mI (103) esp_image: segment 1: paddr=0001a71c vaddr=3ffb0000 size=02488h (  9352) load[0m
[0;32mI (107) esp_image: segment 2: paddr=0001cbac vaddr=40080000 size=0346ch ( 13420) load[0m
[0;32mI (112) esp_image: segment 3: paddr=00020020 vaddr=400d0020 size=158bch ( 88252) map[0m
[0;32mI (144) esp_image: segment 4: paddr=000358e4 vaddr=4008346c size=09b4ch ( 39756) load[0m
[0;32mI (160) esp_image: segment 5: paddr=0003f438 vaddr=50000000 size=00020h (    32) load[0m
[0;32mI (167) boot: Loaded app from partition at offset 0x10000[0m
[0;32mI (167) boot: Disabling RNG early entropy source...[0m
[0;32mI (178) cpu_start: Multicore app[0m
[0;32mI (187) cpu_start: Pro cpu start user code[0m
[0;32mI (187) cpu_start: cpu freq: 160000000 Hz[0m
[0;32mI (187) app_init: Application information:[0m
[0;32mI (187) app_init: Project name:     drone[0m
[0;32mI (190) app_init: App version:      a20b062[0m
[0;32mI (194) app_init: Compile time:     Oct 23 2025 12:10:30[0m
[0;32mI (199) app_init: ELF file SHA256:  935160d36...[0m
[0;32mI (204) app_init: ESP-IDF:          v5.5.1-dirty[0m
[0;32mI (208) efuse_init: Min chip rev:     v0.0[0m
[0;32mI (212) efuse_init: Max chip rev:     v3.99 [0m
[0;32mI (216) efuse_init: Chip rev:         v1.0[0m
[0;32mI (220) heap_init: Initializing. RAM available for dynamic allocation:[0m
[0;32mI (226) heap_init: At 3FFAE6E0 len 00001920 (6 KiB): DRAM[0m
[0;32mI (231) heap_init: At 3FFB2D50 len 0002D2B0 (180 KiB): DRAM[0m
[0;32mI (236) heap_init: At 3FFE0440 len 00003AE0 (14 KiB): D/IRAM[0m
[0;32mI (242) heap_init: At 3FFE4350 len 0001BCB0 (111 KiB): D/IRAM[0m
[0;32mI (247) heap_init: At 4008CFB8 len 00013048 (76 KiB): IRAM[0m
[0;32mI (254) spi_flash: detected chip: generic[0m
[0;32mI (256) spi_flash: flash io: dio[0m
[0;33mW (259) spi_flash: Detected size(4096k) larger than the size in the binary image header(2048k). Using the size in the binary image header.[0m
[0;33mW (271) mcpwm(legacy): legacy driver is deprecated, please migrate to `driver/mcpwm_prelude.h`[0m
[0;32mI (280) main_task: Started on CPU0[0m
[0;32mI (290) main_task: Calling app_main()[0m
[0;32mI (290) test: : init motor[0m

[0;32mI (290) test: : initializing motor params[0m

[0;32mI (290) test: : forward 50%[0m

[0;32mI (290) main_task: Returned from app_main()[0m
[0;32mI (3290) test: : stop[0m

[0;32mI (6290) test: : forward 50%[0m

[0;32mI (9290) test: : stop[0m

[0;32mI (12290) test: : forward 50%[0m

[0;32mI (15290) test: : stop[0m

[0;32mI (18290) test: : forward 50%[0m

[0;32mI (21290) test: : stop[0m

[0;32mI (24290) test: : forward 50%[0m

[0;32mI (27290) test: : stop[0m

[0;32mI (30290) test: : forward 50%[0m

[0;32mI (33290) test: : stop[0m

[0;32mI (36290) test: : forward 50%[0m

[0;32mI (39290) test: : stop[0m

[0;32mI (42290) test: : forward 50%[0m

[0;32mI (45290) test: : stop[0m

[0;32mI (48290) test: : forward 50%[0m

[0;32mI (51290) test: : stop[0m

[0;32mI (54290) test: : forward 50%[0m

[0;32mI (57290) test: : stop[0m

[0;32mI (60290) test: : forward 50%[0m

[0;32mI (63290) test: : stop[0m

[0;32mI (66290) test: : forward 50%[0m

[0;32mI (69290) test: : stop[0m

[0;32mI (72290) test: : forward 50%[0m

[0;32mI (75290) test: : stop[0m

[0;32mI (78290) test: : forward 50%[0m

[0;32mI (81290) test: : stop[0m

[0;32mI (84290) test: : forward 50%[0m

[0;32mI (87290) test: : stop[0m

[0;32mI (90290) test: : forward 50%[0m

[0;32mI (93290) test: : stop[0m

[0;32mI (96290) test: : forward 50%[0m

[0;32mI (99290) test: : stop[0m

[0;32mI (102290) test: : forward 50%[0m

[0;32mI (105290) test: : stop[0m

[0;32mI (108290) test: : forward 50%[0m

[0;32mI (111290) test: : stop[0m

[0;32mI (114290) test: : forward 50%[0m

[0;32mI (117290) test: : stop[0m

[0;32mI (120290) test: : forward 50%[0m

[0;32mI (123290) test: : stop[0m

[0;32mI (126290) test: : forward 50%[0m

[0;32mI (129290) test: : stop[0m

[0;32mI (132290) test: : forward 50%[0m

[0;32mI (135290) test: : stop[0m

[0;32mI (138290) test: : forward 50%[0m

[0;32mI (141290) test: : stop[0m

[0;32mI (144290) test: : forward 50%[0m

[0;32mI (147290) test: : stop[0m

[0;32mI (150290) test: : forward 50%[0m

[0;32mI (153290) test: : stop[0m

[0;32mI (156290) test: : forward 50%[0m

[0;32mI (159290) test: : stop[0m

[0;32mI (162290) test: : forward 50%[0m

[0;32mI (165290) test: : stop[0m

[0;32mI (168290) test: : forward 50%[0m

[0;32mI (171290) test: : stop[0m

[0;32mI (174290) test: : forward 50%[0m

[0;32mI (177290) test: : stop[0m

[0;32mI (180290) test: : forward 50%[0m

[0;32mI (183290) test: : stop[0m

[0;32mI (186290) test: : forward 50%[0m

[0;32mI (189290) test: : stop[0m

[0;32mI (192290) test: : forward 50%[0m

[0;32mI (195290) test: : stop[0m

[0;32mI (198290) test: : forward 50%[0m

[0;32mI (201290) test: : stop[0m

[0;32mI (204290) test: : forward 50%[0m

[0;32mI (207290) test: : stop[0m

[0;32mI (210290) test: : forward 50%[0m

[0;32mI (213290) test: : stop[0m

[0;32mI (216290) test: : forward 50%[0m

[0;32mI (219290) test: : stop[0m

[0;32mI (222290) test: : forward 50%[0m

[0;32mI (225290) test: : stop[0m

[0;32mI (228290) test: : forward 50%[0m

[0;32mI (231290) test: : stop[0m

[0;32mI (234290) test: : forward 50%[0m

[0;32mI (237290) test: : stop[0m

[0;32mI (240290) test: : forward 50%[0m

[0;32mI (243290) test: : stop[0m

[0;32mI (246290) test: : forward 50%[0m

[0;32mI (249290) test: : stop[0m

[0;32mI (252290) test: : forward 50%[0m

[0;32mI (255290) test: : stop[0m

