Command: C:\Espressif\python_env\idf5.5_py3.11_env\Scripts\python.exe C:\Espressif\frameworks\esp-idf-v5.5.1\tools/idf_monitor.py -p COM4 -b 115200 --toolchain-prefix xtensa-esp32-elf- --target esp32 --revision 0 C:\Espressif\frameworks\esp-idf-v5.5.1\embedded_drone\drone\build\drone.elf C:\Espressif\frameworks\esp-idf-v5.5.1\embedded_drone\drone\build\bootloader\bootloader.elf --force-color -m 'C:\Espressif\python_env\idf5.5_py3.11_env\Scripts\python.exe' 'C:\Espressif\frameworks\esp-idf-v5.5.1\tools\idf.py' '-p' 'COM4'
*ï¿½ï¿½ï¿½ï¿½     : 40MHz
I (3ï¿½ets Jun  8 2016 00:22:57

rst:0x1 (POWERON_RESET),boot:0x13 (SPI_FAST_FLASH_BOOT)
configsip: 0, SPIWP:0xee
clk_drv:0x00,q_drv:0x00,d_drv:0x00,cs0_drv:0x00,hd_drv:0x00,wp_drv:0x00
mode:DIO, clock div:2
load:0x3fff0030,len:6380
ho 0 tail 12 room 4
load:0x40078000,len:15916
load:0x40080400,len:3860
entry 0x40080638
[0;32mI (29) boot: ESP-IDF v5.5.1-dirty 2nd stage bootloader[0m
[0;32mI (29) boot: compile time Oct 23 2025 12:10:49[0m
[0;32mI (29) boot: Multicore bootloader[0m
[0;32mI (31) boot: chip revision: v1.0[0m
[0;32mI (34) boot.esp32: SPI Speed      : 40MHz[0m
[0;32mI (37) boot.esp32: SPI Mode       : DIO[0m
[0;32mI (41) boot.esp32: SPI Flash Size : 2MB[0m
[0;32mI (44) boot: Enabling RNG early entropy source...[0m
[0;32mI (49) boot: Partition Table:[0m
[0;32mI (51) boot: ## Label            Usage          Type ST Offset   Length[0m
[0;32mI (58) boot:  0 nvs              WiFi data        01 02 00009000 00006000[0m
[0;32mI (64) boot:  1 phy_init         RF data          01 01 0000f000 00001000[0m
[0;32mI (71) boot:  2 factory          factory app      00 00 00010000 00100000[0m
[0;32mI (77) boot: End of partition table[0m
[0;32mI (81) esp_image: segment 0: paddr=00010020 vaddr=3f400020 size=0a230h ( 41520) map[0m
[0;32mI (102) esp_image: segment 1: paddr=0001a258 vaddr=3ffb0000 size=023f8h (  9208) load[0m
[0;32mI (106) esp_image: segment 2: paddr=0001c658 vaddr=40080000 size=039c0h ( 14784) load[0m
[0;32mI (112) esp_image: segment 3: paddr=00020020 vaddr=400d0020 size=145a8h ( 83368) map[0m
[0;32mI (142) esp_image: segment 4: paddr=000345d0 vaddr=400839c0 size=095f0h ( 38384) load[0m
[0;32mI (157) esp_image: segment 5: paddr=0003dbc8 vaddr=50000000 size=00020h (    32) load[0m
[0;32mI (164) boot: Loaded app from partition at offset 0x10000[0m
[0;32mI (164) boot: Disabling RNG early entropy source...[0m
[0;32mI (176) cpu_start: Multicore app[0m
[0;32mI (184) cpu_start: Pro cpu start user code[0m
[0;32mI (184) cpu_start: cpu freq: 160000000 Hz[0m
[0;32mI (184) app_init: Application information:[0m
[0;32mI (184) app_init: Project name:     drone[0m
[0;32mI (188) app_init: App version:      a20b062[0m
[0;32mI (192) app_init: Compile time:     Oct 23 2025 12:10:30[0m
[0;32mI (197) app_init: ELF file SHA256:  2045c82cf...[0m
[0;32mI (201) app_init: ESP-IDF:          v5.5.1-dirty[0m
[0;32mI (205) efuse_init: Min chip rev:     v0.0[0m
[0;32mI (209) efuse_init: Max chip rev:     v3.99 [0m
[0;32mI (213) efuse_init: Chip rev:         v1.0[0m
[0;32mI (217) heap_init: Initializing. RAM available for dynamic allocation:[0m
[0;32mI (224) heap_init: At 3FFAE6E0 len 00001920 (6 KiB): DRAM[0m
[0;32mI (229) heap_init: At 3FFB2CC0 len 0002D340 (180 KiB): DRAM[0m
[0;32mI (234) heap_init: At 3FFE0440 len 00003AE0 (14 KiB): D/IRAM[0m
[0;32mI (239) heap_init: At 3FFE4350 len 0001BCB0 (111 KiB): D/IRAM[0m
[0;32mI (245) heap_init: At 4008CFB0 len 00013050 (76 KiB): IRAM[0m
[0;32mI (251) spi_flash: detected chip: generic[0m
[0;32mI (254) spi_flash: flash io: dio[0m
[0;33mW (257) spi_flash: Detected size(4096k) larger than the size in the binary image header(2048k). Using the size in the binary image header.[0m
[0;32mI (269) main_task: Started on CPU0[0m
[0;32mI (279) main_task: Calling app_main()[0m
[1;31mE (279) gpio: GPIO can only be used as input mode[0m
[0;32mI (279) testing: : toggling LED[0m
[1;31mE (279) gpio: gpio_set_level(238): GPIO output gpio_num error[0m
[1;31mE (5279) gpio: gpio_set_level(238): GPIO output gpio_num error[0m
[0;32mI (10279) testing: : toggling LED[0m
[1;31mE (10279) gpio: gpio_set_level(238): GPIO output gpio_num error[0m
[1;31mE (15279) gpio: gpio_set_level(238): GPIO output gpio_num error[0m
[0;32mI (20279) testing: : toggling LED[0m
[1;31mE (20279) gpio: gpio_set_level(238): GPIO output gpio_num error[0m
[1;31mE (25279) gpio: gpio_set_level(238): GPIO output gpio_num error[0m
[0;32mI (30279) testing: : toggling LED[0m
[1;31mE (30279) gpio: gpio_set_level(238): GPIO output gpio_num error[0m
[1;31mE (35279) gpio: gpio_set_level(238): GPIO output gpio_num error[0m
[0;32mI (40279) testing: : toggling LED[0m
[1;31mE (40279) gpio: gpio_set_level(238): GPIO output gpio_num error[0m
[1;31mE (45279) gpio: gpio_set_level(238): GPIO output gpio_num error[0m
[0;32mI (50279) testing: : toggling LED[0m
[1;31mE (50279) gpio: gpio_set_level(238): GPIO output gpio_num error[0m
[1;31mE (55279) gpio: gpio_set_level(238): GPIO output gpio_num error[0m
[0;32mI (60279) testing: : toggling LED[0m
[1;31mE (60279) gpio: gpio_set_level(238): GPIO output gpio_num error[0m
[1;31mE (65279) gpio: gpio_set_level(238): GPIO output gpio_num error[0m
[0;32mI (70279) testing: : toggling LED[0m
[1;31mE (70279) gpio: gpio_set_level(238): GPIO output gpio_num error[0m
[1;31mE (75279) gpio: gpio_set_level(238): GPIO output gpio_num error[0m
[0;32mI (80279) testing: : toggling LED[0m
[1;31mE (80279) gpio: gpio_set_level(238): GPIO output gpio_num error[0m
[1;31mE (85279) gpio: gpio_set_level(238): GPIO output gpio_num error[0m
[0;32mI (90279) testing: : toggling LED[0m
[1;31mE (90279) gpio: gpio_set_level(238): GPIO output gpio_num error[0m
[1;31mE (95279) gpio: gpio_set_level(238): GPIO output gpio_num error[0m
[0;32mI (100279) testing: : toggling LED[0m
[1;31mE (100279) gpio: gpio_set_level(238): GPIO output gpio_num error[0m
[1;31mE (105279) gpio: gpio_set_level(238): GPIO output gpio_num error[0m
[0;32mI (110279) testing: : toggling LED[0m
[1;31mE (110279) gpio: gpio_set_level(238): GPIO output gpio_num error[0m
[1;31mE (115279) gpio: gpio_set_level(238): GPIO output gpio_num error[0m
[0;32mI (120279) testing: : toggling LED[0m
[1;31mE (120279) gpio: gpio_set_level(238): GPIO output gpio_num error[0m
[1;31mE (125279) gpio: gpio_set_level(238): GPIO output gpio_num error[0m
[0;32mI (130279) testing: : toggling LED[0m
[1;31mE (130279) gpio: gpio_set_level(238): GPIO output gpio_num error[0m
[1;31mE (135279) gpio: gpio_set_level(238): GPIO output gpio_num error[0m
[0;32mI (140279) testing: : toggling LED[0m
[1;31mE (140279) gpio: gpio_set_level(238): GPIO output gpio_num error[0m
[1;31mE (145279) gpio: gpio_set_level(238): GPIO output gpio_num error[0m
[0;32mI (150279) testing: : toggling LED[0m
[1;31mE (150279) gpio: gpio_set_level(238): GPIO output gpio_num error[0m
[1;31mE (155279) gpio: gpio_set_level(238): GPIO output gpio_num error[0m
[0;32mI (160279) testing: : toggling LED[0m
[1;31mE (160279) gpio: gpio_set_level(238): GPIO output gpio_num error[0m
[1;31mE (165279) gpio: gpio_set_level(238): GPIO output gpio_num error[0m
